#
# A fatal error has been detected by the Java Runtime Environment:
#
#  EXCEPTION_ACCESS_VIOLATION (0xc0000005) at pc=0x00007ffeec21b149, pid=8816, tid=4516
#
# JRE version: Java(TM) SE Runtime Environment (23.0.1+11) (build 23.0.1+11-39)
# Java VM: Java HotSpot(TM) 64-Bit Server VM (23.0.1+11-39, mixed mode, sharing, tiered, compressed oops, compressed class ptrs, g1 gc, windows-amd64)
# Problematic frame:
# C  [awt.dll+0xdb149]
#
# No core dump will be written. Minidumps are not enabled by default on client versions of Windows
#
# If you would like to submit a bug report, please visit:
#   https://bugreport.java.com/bugreport/crash.jsp
# The crash happened outside the Java Virtual Machine in native code.
# See problematic frame for where to report the bug.
#

---------------  S U M M A R Y ------------

Command Line: -ea -Dfile.encoding=UTF-8 -Dstdout.encoding=UTF-8 -Dstderr.encoding=UTF-8 -XX:+ShowCodeDetailsInExceptionMessages org.testng.remote.RemoteTestNG -serport 50127 -protocol json -d C:\Users\PankajGhosh\eclipse-workspace\MESH\test-output C:\Users\PANKAJ~1\AppData\Local\Temp\testng-eclipse--559942945\testng-customsuite.xml

Host: Intel(R) Core(TM) Ultra 7 155U, 14 cores, 31G,  Windows 11 , 64 bit Build 26100 (10.0.26100.7705)
Time: Tue Feb 17 14:17:24 2026 Eastern Standard Time elapsed time: 213.036348 seconds (0d 0h 3m 33s)

---------------  T H R E A D  ---------------

Current thread (0x0000024073543940):  JavaThread "AWT-EventQueue-0"        [_thread_in_native, id=4516, stack(0x000000fc50c00000,0x000000fc50d00000) (1024K)]

Stack: [0x000000fc50c00000,0x000000fc50d00000],  sp=0x000000fc50cfec00,  free space=1019k
Native frames: (J=compiled Java code, j=interpreted, Vv=VM code, C=native code)
C  [awt.dll+0xdb149]  (no source info available)
C  [awt.dll+0xda508]  (no source info available)
C  0x000002401806d207  (no source info available)

The last pc belongs to native method entry point (kind = native) (printed below).
Java frames: (J=compiled Java code, j=interpreted, Vv=VM code)
j  sun.awt.Win32GraphicsConfig.getBounds(I)Ljava/awt/Rectangle;+0 java.desktop@23.0.1
j  sun.awt.Win32GraphicsConfig.getBounds()Ljava/awt/Rectangle;+8 java.desktop@23.0.1
j  sun.awt.Win32GraphicsDevice.displayChanged()V+23 java.desktop@23.0.1
j  sun.awt.Win32GraphicsEnvironment.displayChanged()V+271 java.desktop@23.0.1
j  sun.awt.windows.WToolkit.lambda$displayChanged$4()V+15 java.desktop@23.0.1
j  sun.awt.windows.WToolkit$$Lambda+0x000002402e2c9220.run()V+0 java.desktop@23.0.1
j  java.awt.event.InvocationEvent.dispatch()V+47 java.desktop@23.0.1
j  java.awt.EventQueue.dispatchEventImpl(Ljava/awt/AWTEvent;Ljava/lang/Object;)V+21 java.desktop@23.0.1
j  java.awt.EventQueue$4.run()Ljava/lang/Void;+32 java.desktop@23.0.1
j  java.awt.EventQueue$4.run()Ljava/lang/Object;+1 java.desktop@23.0.1
j  java.security.AccessController.executePrivileged(Ljava/security/PrivilegedAction;Ljava/security/AccessControlContext;Ljava/lang/Class;)Ljava/lang/Object;+29 java.base@23.0.1
j  java.security.AccessController.doPrivileged(Ljava/security/PrivilegedAction;Ljava/security/AccessControlContext;)Ljava/lang/Object;+13 java.base@23.0.1
j  java.security.ProtectionDomain$JavaSecurityAccessImpl.doIntersectionPrivilege(Ljava/security/PrivilegedAction;Ljava/security/AccessControlContext;Ljava/security/AccessControlContext;)Ljava/lang/Object;+18 java.base@23.0.1
j  java.awt.EventQueue.dispatchEvent(Ljava/awt/AWTEvent;)V+46 java.desktop@23.0.1
j  java.awt.EventDispatchThread.pumpOneEventForFilters(I)V+81 java.desktop@23.0.1
j  java.awt.EventDispatchThread.pumpEventsForFilter(ILjava/awt/Conditional;Ljava/awt/EventFilter;)V+35 java.desktop@23.0.1
j  java.awt.EventDispatchThread.pumpEventsForHierarchy(ILjava/awt/Conditional;Ljava/awt/Component;)V+11 java.desktop@23.0.1
j  java.awt.EventDispatchThread.pumpEvents(ILjava/awt/Conditional;)V+4 java.desktop@23.0.1
j  java.awt.EventDispatchThread.pumpEvents(Ljava/awt/Conditional;)V+3 java.desktop@23.0.1
j  java.awt.EventDispatchThread.run()V+9 java.desktop@23.0.1
v  ~StubRoutines::call_stub 0x0000024018060fcd

siginfo: EXCEPTION_ACCESS_VIOLATION (0xc0000005), reading address 0x0000000000000028


Registers:
RAX=0x0000000000000000, RBX=0x0000024073590db0, RCX=0x0000000000000000, RDX=0x0000000000000000
RSP=0x000000fc50cfec00, RBP=0x0000000000000000, RSI=0x0000000000000000, RDI=0x0000000000000000
R8 =0x0000000000000001, R9 =0x000000fc4f3bc000, R10=0x000002406ea5a150, R11=0x0000024070431c28
R12=0x0000000000000000, R13=0x0000024073752408, R14=0x000002407354b0d0, R15=0x0000000000000000
RIP=0x00007ffeec21b149, EFLAGS=0x0000000000010246


Register to memory mapping:

RAX=0x0 is null
RBX=0x0000024073590db0 points into unknown readable memory: 0x000002406e66bc50 | 50 bc 66 6e 40 02 00 00
RCX=0x0 is null
RDX=0x0 is null
RSP=0x000000fc50cfec00 is pointing into the stack for thread: 0x0000024073543940
RBP=0x0 is null
RSI=0x0 is null
RDI=0x0 is null
R8 =0x0000000000000001 is an unknown value
R9 =0x000000fc4f3bc000 points into unknown readable memory: 0x0000000000000000 | 00 00 00 00 00 00 00 00
R10=0x000002406ea5a150 points into unknown readable memory: 0x0000001e00000003 | 03 00 00 00 1e 00 00 00
R11={method} {0x0000024070431c30} '<init>' '(IIII)V' in 'java/awt/Rectangle'
R12=0x0 is null
R13=0x0000024073752408 points into unknown readable memory: 0x0000024070431c28 | 28 1c 43 70 40 02 00 00
R14=0x000002407354b0d0 points into unknown readable memory: 0x0000000624823bf8 | f8 3b 82 24 06 00 00 00
R15=0x0 is null

Top of Stack: (sp=0x000000fc50cfec00)
0x000000fc50cfec00:   00007ffeec279838 0000024073590db0
0x000000fc50cfec10:   0000024073543d00 0000024073590db0
0x000000fc50cfec20:   0000024073543d00 00007ffeec21a508
0x000000fc50cfec30:   0000024073590db0 0000024073590db0
0x000000fc50cfec40:   0000000000000000 0000024073543d00
0x000000fc50cfec50:   000000fc50cfed50 00007ffeb2634e65
0x000000fc50cfec60:   000000fc50cfec80 0000024073543940
0x000000fc50cfec70:   0000000000000000 0000000000000000
0x000000fc50cfec80:   00002f4d67e40d7a 0000024073543940
0x000000fc50cfec90:   0000024073543940 000000fc50cfed78
0x000000fc50cfeca0:   000002407042dd58 0000000000000000
0x000000fc50cfecb0:   0000000000000009 0000000000000000
0x000000fc50cfecc0:   000000fc50cfed50 000002401806d207
0x000000fc50cfecd0:   0000000000000009 000002407042dd58
0x000000fc50cfece0:   000002407042dd58 0000000000000000
0x000000fc50cfecf0:   00000240703943c8 0000000000000000
0x000000fc50cfed00:   000002401806ce9b fffffffffffffff7
0x000000fc50cfed10:   000002407042dd58 0000000000000005
0x000000fc50cfed20:   0000024070430520 0000000000000000
0x000000fc50cfed30:   0000000624823830 000002407042dd58
0x000000fc50cfed40:   0000000000000000 000000fc50cfed70
0x000000fc50cfed50:   000000fc50cfedc8 000002401806889a
0x000000fc50cfed60:   0000000000000000 000002401806a5da
0x000000fc50cfed70:   0000000000000000 0000000624823978
0x000000fc50cfed80:   fffffffffffffff7 000002407042de00
0x000000fc50cfed90:   0000000000000002 0000024070430520
0x000000fc50cfeda0:   0000000000000000 0000000624823830
0x000000fc50cfedb0:   000002407042de18 fffffffffffffff5
0x000000fc50cfedc0:   000000fc50cfedd8 000000fc50cfee28
0x000000fc50cfedd0:   000002401806889a 0000000624823978
0x000000fc50cfede0:   fffffffffffffff7 0000024070395eaf
0x000000fc50cfedf0:   0000000000000003 0000024070397688 

Instructions: (pc=0x00007ffeec21b149)
0x00007ffeec21b049:   cc cc cc cc cc cc cc 48 89 5c 24 08 48 89 6c 24
0x00007ffeec21b059:   10 48 89 74 24 18 57 48 83 ec 20 41 8b f8 0f b6
0x00007ffeec21b069:   f2 48 8b e9 e8 2e cc f4 ff 48 8b d8 48 89 44 24
0x00007ffeec21b079:   48 41 b8 01 00 00 00 8b d7 48 8b c8 e8 96 cb f4
0x00007ffeec21b089:   ff 48 8b c8 44 0f b6 c6 48 8b d5 e8 97 fa ff ff
0x00007ffeec21b099:   48 8b f8 48 8b cb e8 bc cd f4 ff 90 48 8b c7 48
0x00007ffeec21b0a9:   8b 5c 24 30 48 8b 6c 24 38 48 8b 74 24 40 48 83
0x00007ffeec21b0b9:   c4 20 5f c3 cc cc cc 48 8b 49 28 e9 07 07 00 00
0x00007ffeec21b0c9:   cc cc cc cc cc cc cc 48 89 5c 24 08 57 48 83 ec
0x00007ffeec21b0d9:   20 8b f9 e8 bf cb f4 ff 48 8b d8 48 89 44 24 38
0x00007ffeec21b0e9:   41 b8 01 00 00 00 8b d7 48 8b c8 e8 27 cb f4 ff
0x00007ffeec21b0f9:   48 8b 08 8b 39 48 8b cb e8 5a cd f4 ff 90 8b c7
0x00007ffeec21b109:   48 8b 5c 24 30 48 83 c4 20 5f c3 cc cc cc cc cc
0x00007ffeec21b119:   cc cc cc cc cc cc cc 48 89 5c 24 08 57 48 83 ec
0x00007ffeec21b129:   20 8b f9 e8 6f cb f4 ff 48 8b d8 48 89 44 24 38
0x00007ffeec21b139:   41 b8 01 00 00 00 8b d7 48 8b c8 e8 d7 ca f4 ff
0x00007ffeec21b149:   48 8b 78 28 48 8b cb e8 0b cd f4 ff 90 48 8b c7
0x00007ffeec21b159:   48 8b 5c 24 30 48 83 c4 20 5f c3 cc cc cc cc cc
0x00007ffeec21b169:   cc cc cc cc cc cc cc 48 89 5c 24 08 57 48 83 ec
0x00007ffeec21b179:   20 8b f9 e8 1f cb f4 ff 48 8b d8 48 89 44 24 38
0x00007ffeec21b189:   41 b8 01 00 00 00 8b d7 48 8b c8 e8 87 ca f4 ff
0x00007ffeec21b199:   48 8b 78 30 48 8b cb e8 bb cc f4 ff 90 48 8b c7
0x00007ffeec21b1a9:   48 8b 5c 24 30 48 83 c4 20 5f c3 cc cc cc cc cc
0x00007ffeec21b1b9:   cc cc cc cc cc cc cc 48 89 5c 24 08 57 48 83 ec
0x00007ffeec21b1c9:   20 8b f9 e8 cf ca f4 ff 48 8b d8 48 89 44 24 38
0x00007ffeec21b1d9:   41 b8 01 00 00 00 8b d7 48 8b c8 e8 37 ca f4 ff
0x00007ffeec21b1e9:   48 8b 78 08 48 85 ff 74 07 48 8b bf 08 0c 00 00
0x00007ffeec21b1f9:   48 8b cb e8 5f cc f4 ff 90 48 8b c7 48 8b 5c 24
0x00007ffeec21b209:   30 48 83 c4 20 5f c3 f3 0f 10 41 48 c3 cc cc cc
0x00007ffeec21b219:   cc cc cc cc cc cc cc f3 0f 10 41 4c c3 cc cc cc
0x00007ffeec21b229:   cc cc cc cc cc cc cc 48 89 5c 24 10 48 89 74 24
0x00007ffeec21b239:   18 55 57 41 56 48 8d 6c 24 e0 48 81 ec 20 01 00 


Stack slot to memory mapping:

stack at sp + 0 slots: 0x00007ffeec279838 awt.dll
stack at sp + 1 slots: 0x0000024073590db0 points into unknown readable memory: 0x000002406e66bc50 | 50 bc 66 6e 40 02 00 00
stack at sp + 2 slots: 0x0000024073543d00 points into unknown readable memory: 0x00007ffeb2e45e00 | 00 5e e4 b2 fe 7f 00 00
stack at sp + 3 slots: 0x0000024073590db0 points into unknown readable memory: 0x000002406e66bc50 | 50 bc 66 6e 40 02 00 00
stack at sp + 4 slots: 0x0000024073543d00 points into unknown readable memory: 0x00007ffeb2e45e00 | 00 5e e4 b2 fe 7f 00 00
stack at sp + 5 slots: 0x00007ffeec21a508 awt.dll
stack at sp + 6 slots: 0x0000024073590db0 points into unknown readable memory: 0x000002406e66bc50 | 50 bc 66 6e 40 02 00 00
stack at sp + 7 slots: 0x0000024073590db0 points into unknown readable memory: 0x000002406e66bc50 | 50 bc 66 6e 40 02 00 00

Lock stack of current Java thread (top to bottom):

native method entry point (kind = native)  [0x000002401806cde0, 0x000002401806d938]  2904 bytes
[MachCode]
  0x000002401806cde0: 488b 4b08 | 0fb7 492e | 584c 8d74 | ccf8 6800 | 0000 0068 | 0000 0000 | 5055 488b | ec41 5568 
  0x000002401806ce00: 0000 0000 | 4c8b 6b08 | 4d8d 6d38 | 5348 8b53 | 0848 8b52 | 0848 8b52 | 1848 8b52 | 7048 8b12 
  0x000002401806ce20: 5248 8b53 | 1048 85d2 | 0f84 0700 | 0000 4881 | c210 0100 | 0052 488b | 5308 488b | 5208 488b 
  0x000002401806ce40: 5210 5249 | 8bc6 482b | c548 c1e8 | 0350 6800 | 0000 0068 | f7ff ffff | 41c6 8771 | 0400 0001 
  0x000002401806ce60: 488b 4310 | 4885 c074 | 208b 88cc | 0000 0083 | c102 8988 | cc00 0000 | 2388 e000 | 0000 0f84 
  0x000002401806ce80: 000a 0000 | e9cf 0000 | 0048 8b43 | 1848 85c0 | 0f85 b000 | 0000 e805 | 0000 00e9 | 9900 0000 
  0x000002401806cea0: 488b d348 | 8d44 2408 | 4c89 6dc0 | 498b cfc5 | f877 4989 | afb0 0300 | 0049 8987 | a003 0000 
  0x000002401806cec0: 4883 ec20 | 40f6 c40f | 0f84 1900 | 0000 4883 | ec08 48b8 | 9026 63b2 | fe7f 0000 | ffd0 4883 
  0x000002401806cee0: c408 e90c | 0000 0048 | b890 2663 | b2fe 7f00 | 00ff d048 | 83c4 2049 | c787 a003 | 0000 0000 
  0x000002401806cf00: 0000 49c7 | 87b0 0300 | 0000 0000 | 0049 c787 | a803 0000 | 0000 0000 | c5f8 7749 | 837f 0800 
  0x000002401806cf20: 0f84 0500 | 0000 e995 | 3fff ff4c | 8b6d c04c | 8b75 c84e | 8d74 f500 | c348 8b43 | 1848 85c0 
  0x000002401806cf40: 0f84 1200 | 0000 8b48 | 0883 c102 | 8948 0823 | 481c 0f84 | 2c09 0000 | 493b a7e8 | 0400 000f 
  0x000002401806cf60: 8748 0000 | 0089 8424 | 00f0 ffff | 8984 2400 | e0ff ff89 | 8424 00d0 | ffff 8984 | 2400 c0ff 
  0x000002401806cf80: ff89 8424 | 00b0 ffff | 8984 2400 | a0ff ff89 | 8424 0090 | ffff 8984 | 2400 80ff | ff49 3ba7 
  0x000002401806cfa0: e004 0000 | 7607 4989 | a7e8 0400 | 0041 c687 | 7104 0000 | 0049 ba41 | adea b2fe | 7f00 0041 
  0x000002401806cfc0: 803a 000f | 843e 0000 | 0048 8b55 | e849 8bcf | 4883 ec20 | 40f6 c40f | 0f84 1900 | 0000 4883 
  0x000002401806cfe0: ec08 48b8 | 10ee 9ab2 | fe7f 0000 | ffd0 4883 | c408 e90c | 0000 0048 | b810 ee9a | b2fe 7f00 
  0x000002401806d000: 00ff d048 | 83c4 2048 | 8b5d e84c | 8b5b 0845 | 0fb7 5b2e | 41c1 e303 | 492b e348 | 83ec 2048 
  0x000002401806d020: 83e4 f04c | 8b5b 604d | 85db 0f85 | ab00 0000 | e805 0000 | 00e9 9900 | 0000 488b | d348 8d44 
  0x000002401806d040: 2408 4c89 | 6dc0 498b | cfc5 f877 | 4989 afb0 | 0300 0049 | 8987 a003 | 0000 4883 | ec20 40f6 
  0x000002401806d060: c40f 0f84 | 1900 0000 | 4883 ec08 | 48b8 f04d | 63b2 fe7f | 0000 ffd0 | 4883 c408 | e90c 0000 
  0x000002401806d080: 0048 b8f0 | 4d63 b2fe | 7f00 00ff | d048 83c4 | 2049 c787 | a003 0000 | 0000 0000 | 49c7 87b0 
  0x000002401806d0a0: 0300 0000 | 0000 0049 | c787 a803 | 0000 0000 | 0000 c5f8 | 7749 837f | 0800 0f84 | 0500 0000 
  0x000002401806d0c0: e9fb 3dff | ff4c 8b6d | c04c 8b75 | c84e 8d74 | f500 c348 | 8b5d e84c | 8b5b 6041 | ffd3 488b 
  0x000002401806d0e0: 5de8 4889 | 4518 448b | 5b28 41f6 | c308 0f84 | 1b00 0000 | 4c8b 5b08 | 4d8b 5b08 | 4d8b 5b18 
  0x000002401806d100: 4d8b 5b70 | 4d8b 1b4c | 895d 1048 | 8d55 1048 | 8b43 5849 | ba60 3c9b | b2fe 7f00 | 0049 3bc2 
  0x000002401806d120: 0f85 ab00 | 0000 e805 | 0000 00e9 | 9900 0000 | 488b d348 | 8d44 2408 | 4c89 6dc0 | 498b cfc5 
  0x000002401806d140: f877 4989 | afb0 0300 | 0049 8987 | a003 0000 | 4883 ec20 | 40f6 c40f | 0f84 1900 | 0000 4883 
  0x000002401806d160: ec08 48b8 | f04d 63b2 | fe7f 0000 | ffd0 4883 | c408 e90c | 0000 0048 | b8f0 4d63 | b2fe 7f00 
  0x000002401806d180: 00ff d048 | 83c4 2049 | c787 a003 | 0000 0000 | 0000 49c7 | 87b0 0300 | 0000 0000 | 0049 c787 
  0x000002401806d1a0: a803 0000 | 0000 0000 | c5f8 7749 | 837f 0800 | 0f84 0500 | 0000 e905 | 3dff ff4c | 8b6d c04c 
  0x000002401806d1c0: 8b75 c84e | 8d74 f500 | c348 8b5d | e848 8b43 | 5849 8d8f | c003 0000 | c5f8 7749 | 89af b003 
  0x000002401806d1e0: 0000 49ba | d8d1 0618 | 4002 0000 | 4d89 97a8 | 0300 0049 | 89a7 a003 | 0000 41c7 | 8744 0400 
  0x000002401806d200: 0004 0000 | 00ff d0c5 | f877 4883 | ec10 c5fb | 1104 2448 | 83ec 1048 | 8904 2448 | c744 2408 
  0x000002401806d220: 0000 0000 | 41c7 8744 | 0400 0005 | 0000 00f0 | 8344 24c0 | 0049 3baf | 4804 0000 | 0f87 0e00 
  0x000002401806d240: 0000 4183 | bf40 0400 | 0000 0f84 | 2000 0000 | 498b cf4c | 8be4 4883 | ec20 4883 | e4f0 48b8 
  0x000002401806d260: 90a9 64b2 | fe7f 0000 | ffd0 498b | e44d 33e4 | 41c7 8744 | 0400 0008 | 0000 0049 | c787 a003 
  0x000002401806d280: 0000 0000 | 0000 49c7 | 87b0 0300 | 0000 0000 | 0049 c787 | a803 0000 | 0000 0000 | c5f8 774d 
  0x000002401806d2a0: 8b9f 3004 | 0000 41c7 | 8300 0100 | 0000 0000 | 0049 bbda | a506 1840 | 0200 004c | 3b5d 180f 
  0x000002401806d2c0: 8524 0200 | 0048 8b04 | 2448 83c4 | 1048 85c0 | 0f84 fe01 | 0000 a803 | 0f85 0800 | 0000 488b 
  0x000002401806d2e0: 00e9 ee01 | 0000 a801 | 0f85 0900 | 0000 488b | 40fe e9dd | 0100 0048 | 8b40 ff41 | 807f 3800 
  0x000002401806d300: 0f84 ce01 | 0000 4883 | f800 0f84 | c401 0000 | 4d8b 5f28 | 4983 fb00 | 0f84 1400 | 0000 4983 
  0x000002401806d320: eb08 4d89 | 5f28 4d03 | 5f30 4989 | 03e9 a201 | 0000 4881 | ecd0 0000 | 0048 8904 | 2448 894c 
  0x000002401806d340: 2408 4889 | 5424 1048 | 8974 2418 | 4889 7c24 | 204c 8944 | 2428 4c89 | 4c24 304c | 8954 2438 
  0x000002401806d360: 4c89 5c24 | 40c5 fb11 | 4424 50c5 | fb11 4c24 | 58c5 fb11 | 5424 60c5 | fb11 5c24 | 68c5 fb11 
  0x000002401806d380: 6424 70c5 | fb11 6c24 | 78c5 fb11 | b424 8000 | 0000 c5fb | 11bc 2488 | 0000 00c5 | 7b11 8424 
  0x000002401806d3a0: 9000 0000 | c57b 118c | 2498 0000 | 00c5 7b11 | 9424 a000 | 0000 c57b | 119c 24a8 | 0000 00c5 
  0x000002401806d3c0: 7b11 a424 | b000 0000 | c57b 11ac | 24b8 0000 | 00c5 7b11 | b424 c000 | 0000 c57b | 11bc 24c8 
  0x000002401806d3e0: 0000 0049 | 8bd7 488b | c848 83ec | 2040 f6c4 | 0f0f 8419 | 0000 0048 | 83ec 0848 | b8e0 0758 
  0x000002401806d400: b2fe 7f00 | 00ff d048 | 83c4 08e9 | 0c00 0000 | 48b8 e007 | 58b2 fe7f | 0000 ffd0 | 4883 c420 
  0x000002401806d420: c57b 10bc | 24c8 0000 | 00c5 7b10 | b424 c000 | 0000 c57b | 10ac 24b8 | 0000 00c5 | 7b10 a424 
  0x000002401806d440: b000 0000 | c57b 109c | 24a8 0000 | 00c5 7b10 | 9424 a000 | 0000 c57b | 108c 2498 | 0000 00c5 
  0x000002401806d460: 7b10 8424 | 9000 0000 | c5fb 10bc | 2488 0000 | 00c5 fb10 | b424 8000 | 0000 c5fb | 106c 2478 
  0x000002401806d480: c5fb 1064 | 2470 c5fb | 105c 2468 | c5fb 1054 | 2460 c5fb | 104c 2458 | c5fb 1044 | 2450 4c8b 
  0x000002401806d4a0: 5c24 404c | 8b54 2438 | 4c8b 4c24 | 304c 8b44 | 2428 488b | 7c24 2048 | 8b74 2418 | 488b 5424 
  0x000002401806d4c0: 1048 8b4c | 2408 488b | 0424 4881 | c4d0 0000 | 00c5 f877 | 4889 4510 | 4883 ec10 | 4889 0424 
  0x000002401806d4e0: 48c7 4424 | 0800 0000 | 0041 83bf | c804 0000 | 020f 85bf | 0000 0048 | 81ec 8000 | 0000 4889 
  0x000002401806d500: 4424 7848 | 894c 2470 | 4889 5424 | 6848 895c | 2460 4889 | 6c24 5048 | 8974 2448 | 4889 7c24 
  0x000002401806d520: 404c 8944 | 2438 4c89 | 4c24 304c | 8954 2428 | 4c89 5c24 | 204c 8964 | 2418 4c89 | 6c24 104c 
  0x000002401806d540: 8974 2408 | 4c89 3c24 | 4c8b e448 | 83ec 2048 | 83e4 f048 | b8c0 229b | b2fe 7f00 | 00ff d049 
  0x000002401806d560: 8be4 4c8b | 3c24 4c8b | 7424 084c | 8b6c 2410 | 4c8b 6424 | 184c 8b5c | 2420 4c8b | 5424 284c 
  0x000002401806d580: 8b4c 2430 | 4c8b 4424 | 3848 8b7c | 2440 488b | 7424 4848 | 8b6c 2450 | 488b 5c24 | 6048 8b54 
  0x000002401806d5a0: 2468 488b | 4c24 7048 | 8b44 2478 | 4881 c480 | 0000 004d | 33e4 488b | 5de8 4c8b | 6b08 4d8d 
  0x000002401806d5c0: 6d38 4983 | 7f08 000f | 84bb 0000 | 00e8 0500 | 0000 e996 | 0000 0048 | 8d44 2408 | 4c89 6dc0 
  0x000002401806d5e0: 498b cfc5 | f877 4989 | afb0 0300 | 0049 8987 | a003 0000 | 4883 ec20 | 40f6 c40f | 0f84 1900 
  0x000002401806d600: 0000 4883 | ec08 48b8 | 006c 63b2 | fe7f 0000 | ffd0 4883 | c408 e90c | 0000 0048 | b800 6c63 
  0x000002401806d620: b2fe 7f00 | 00ff d048 | 83c4 2049 | c787 a003 | 0000 0000 | 0000 49c7 | 87b0 0300 | 0000 0000 
  0x000002401806d640: 0049 c787 | a803 0000 | 0000 0000 | c5f8 7749 | 837f 0800 | 0f84 0500 | 0000 e961 | 38ff ff4c 
  0x000002401806d660: 8b6d c04c | 8b75 c84e | 8d74 f500 | c348 b940 | d5c2 b2fe | 7f00 0048 | 83e4 f048 | b870 4a89 
  0x000002401806d680: b2fe 7f00 | 00ff d0f4 | 448b 5b28 | 41f6 c320 | 0f84 7901 | 0000 488d | 55a8 4c8b | 5a08 4d85 
  0x000002401806d6a0: db0f 85bb | 0000 00e8 | 0500 0000 | e996 0000 | 0048 8d44 | 2408 4c89 | 6dc0 498b | cfc5 f877 
  0x000002401806d6c0: 4989 afb0 | 0300 0049 | 8987 a003 | 0000 4883 | ec20 40f6 | c40f 0f84 | 1900 0000 | 4883 ec08 
  0x000002401806d6e0: 48b8 306b | 63b2 fe7f | 0000 ffd0 | 4883 c408 | e90c 0000 | 0048 b830 | 6b63 b2fe | 7f00 00ff 
  0x000002401806d700: d048 83c4 | 2049 c787 | a003 0000 | 0000 0000 | 49c7 87b0 | 0300 0000 | 0000 0049 | c787 a803 
  0x000002401806d720: 0000 0000 | 0000 c5f8 | 7749 837f | 0800 0f84 | 0500 0000 | e987 37ff | ff4c 8b6d | c04c 8b75 
  0x000002401806d740: c84e 8d74 | f500 c348 | b940 d5c2 | b2fe 7f00 | 0048 83e4 | f048 b870 | 4a89 b2fe | 7f00 00ff 
  0x000002401806d760: d0f4 4c89 | 6dc0 4c8b | 4a08 48c7 | 4208 0000 | 0000 458b | 8718 0600 | 004f 3b4c | 07f8 0f85 
  0x000002401806d780: 4900 0000 | 4183 af18 | 0600 0008 | 4f3b 4c07 | f00f 842a | 0000 0049 | 8b01 a802 | 0f85 1200 
  0x000002401806d7a0: 0000 4c8b | c049 83c8 | 01f0 4d0f | b101 0f84 | 0d00 0000 | 4183 8718 | 0600 0008 | e90c 0000 
  0x000002401806d7c0: 0049 ff8f | 5005 0000 | e93e 0000 | 004c 894a | 0848 8bca | 4883 ec20 | 40f6 c40f | 0f84 1900 
  0x000002401806d7e0: 0000 4883 | ec08 48b8 | f03d 63b2 | fe7f 0000 | ffd0 4883 | c408 e90c | 0000 0048 | b8f0 3d63 
  0x000002401806d800: b2fe 7f00 | 00ff d048 | 83c4 204c | 8b6d c049 | ba41 adea | b2fe 7f00 | 0041 803a | 000f 843e 
  0x000002401806d820: 0000 0048 | 8b55 e849 | 8bcf 4883 | ec20 40f6 | c40f 0f84 | 1900 0000 | 4883 ec08 | 48b8 10ee 
  0x000002401806d840: 9ab2 fe7f | 0000 ffd0 | 4883 c408 | e90c 0000 | 0048 b810 | ee9a b2fe | 7f00 00ff | d048 83c4 
  0x000002401806d860: 2048 8b04 | 2448 83c4 | 10c5 fb10 | 0424 4883 | c410 4c8b | 5d18 41ff | d34c 8b5d | f8c9 5f49 
  0x000002401806d880: 8be3 ffe7 | ba00 0000 | 00e8 0500 | 0000 e996 | 0000 0048 | 8d44 2408 | 4c89 6dc0 | 498b cfc5 
  0x000002401806d8a0: f877 4989 | afb0 0300 | 0049 8987 | a003 0000 | 4883 ec20 | 40f6 c40f | 0f84 1900 | 0000 4883 
  0x000002401806d8c0: ec08 48b8 | a031 63b2 | fe7f 0000 | ffd0 4883 | c408 e90c | 0000 0048 | b8a0 3163 | b2fe 7f00 
  0x000002401806d8e0: 00ff d048 | 83c4 2049 | c787 a003 | 0000 0000 | 0000 49c7 | 87b0 0300 | 0000 0000 | 0049 c787 
  0x000002401806d900: a803 0000 | 0000 0000 | c5f8 7749 | 837f 0800 | 0f84 0500 | 0000 e9a5 | 35ff ff4c | 8b6d c04c 
  0x000002401806d920: 8b75 c84e | 8d74 f500 | c348 8b5d | e8e9 26f6 | ffff 660f | 1f44 0000 
[/MachCode]

---------------  P R O C E S S  ---------------

Threads class SMR info:
_java_thread_list=0x00000240734719c0, length=25, elements={
0x000002400606e600, 0x000002402a0b25c0, 0x000002402a0b3020, 0x000002402a0b7d40,
0x000002402a0b87a0, 0x000002402a0bb670, 0x000002402a0dd330, 0x000002402a0f4600,
0x000002402a0f5720, 0x000002406e1ba590, 0x000002406e1c21f0, 0x000002406e760940,
0x00000240736bafd0, 0x00000240736bb660, 0x00000240736be450, 0x00000240736bbcf0,
0x00000240736bd0a0, 0x00000240736bd730, 0x00000240736b2480, 0x00000240736b1760,
0x00000240736b2b10, 0x00000240736bca10, 0x0000024073542c20, 0x0000024073541870,
0x0000024073543940
}

Java Threads: ( => current thread )
  0x000002400606e600 JavaThread "main"                              [_thread_blocked, id=24064, stack(0x000000fc4f700000,0x000000fc4f800000) (1024K)]
  0x000002402a0b25c0 JavaThread "Reference Handler"          daemon [_thread_blocked, id=26772, stack(0x000000fc4ff00000,0x000000fc50000000) (1024K)]
  0x000002402a0b3020 JavaThread "Finalizer"                  daemon [_thread_blocked, id=8492, stack(0x000000fc50000000,0x000000fc50100000) (1024K)]
  0x000002402a0b7d40 JavaThread "Signal Dispatcher"          daemon [_thread_blocked, id=7872, stack(0x000000fc50100000,0x000000fc50200000) (1024K)]
  0x000002402a0b87a0 JavaThread "Attach Listener"            daemon [_thread_blocked, id=28488, stack(0x000000fc50200000,0x000000fc50300000) (1024K)]
  0x000002402a0bb670 JavaThread "Service Thread"             daemon [_thread_blocked, id=21268, stack(0x000000fc50300000,0x000000fc50400000) (1024K)]
  0x000002402a0dd330 JavaThread "Monitor Deflation Thread"   daemon [_thread_blocked, id=30420, stack(0x000000fc50400000,0x000000fc50500000) (1024K)]
  0x000002402a0f4600 JavaThread "C2 CompilerThread0"         daemon [_thread_blocked, id=28068, stack(0x000000fc50500000,0x000000fc50600000) (1024K)]
  0x000002402a0f5720 JavaThread "C1 CompilerThread0"         daemon [_thread_blocked, id=22012, stack(0x000000fc50600000,0x000000fc50700000) (1024K)]
  0x000002406e1ba590 JavaThread "Notification Thread"        daemon [_thread_blocked, id=22068, stack(0x000000fc50700000,0x000000fc50800000) (1024K)]
  0x000002406e1c21f0 JavaThread "Common-Cleaner"             daemon [_thread_blocked, id=11976, stack(0x000000fc50800000,0x000000fc50900000) (1024K)]
  0x000002406e760940 JavaThread "ReaderThread"                      [_thread_in_native, id=27104, stack(0x000000fc50b00000,0x000000fc50c00000) (1024K)]
  0x00000240736bafd0 JavaThread "HttpClient-1-SelectorManager" daemon [_thread_in_native, id=24496, stack(0x000000fc50900000,0x000000fc50a00000) (1024K)]
  0x00000240736bb660 JavaThread "External Process Output Forwarder - C:\Users\PankajGhosh\.cache\selenium\chromedriver\win64\144.0.7559.133\chromedriver.exe" daemon [_thread_in_native, id=30836, stack(0x000000fc51b00000,0x000000fc51c00000) (1024K)]
  0x00000240736be450 JavaThread "Driver Service Executor"    daemon [_thread_blocked, id=27196, stack(0x000000fc51c00000,0x000000fc51d00000) (1024K)]
  0x00000240736bbcf0 JavaThread "Driver Service Executor"    daemon [_thread_blocked, id=11292, stack(0x000000fc51d00000,0x000000fc51e00000) (1024K)]
  0x00000240736bd0a0 JavaThread "JdkHttpClient-0-0"          daemon [_thread_blocked, id=30956, stack(0x000000fc52000000,0x000000fc52100000) (1024K)]
  0x00000240736bd730 JavaThread "CompletableFutureDelayScheduler" daemon [_thread_blocked, id=26308, stack(0x000000fc52100000,0x000000fc52200000) (1024K)]
  0x00000240736b2480 JavaThread "JdkHttpClient-0-1"          daemon [_thread_blocked, id=15048, stack(0x000000fc52200000,0x000000fc52300000) (1024K)]
  0x00000240736b1760 JavaThread "JdkHttpClient-0-2"          daemon [_thread_blocked, id=32116, stack(0x000000fc52300000,0x000000fc52400000) (1024K)]
  0x00000240736b2b10 JavaThread "HttpClient-2-SelectorManager" daemon [_thread_in_native, id=30736, stack(0x000000fc52500000,0x000000fc52600000) (1024K)]
  0x00000240736bca10 JavaThread "Java2D Disposer"            daemon [_thread_blocked, id=31768, stack(0x000000fc52d00000,0x000000fc52e00000) (1024K)]
  0x0000024073542c20 JavaThread "AWT-Windows"                daemon [_thread_in_native, id=17228, stack(0x000000fc52f00000,0x000000fc53000000) (1024K)]
  0x0000024073541870 JavaThread "AWT-Shutdown"                      [_thread_blocked, id=24540, stack(0x000000fc4f500000,0x000000fc4f600000) (1024K)]
=>0x0000024073543940 JavaThread "AWT-EventQueue-0"                  [_thread_in_native, id=4516, stack(0x000000fc50c00000,0x000000fc50d00000) (1024K)]
Total: 25

Other Threads:
  0x000002402a098720 VMThread "VM Thread"                           [id=9864, stack(0x000000fc4fe00000,0x000000fc4ff00000) (1024K)]
  0x000002406e0819e0 WatcherThread "VM Periodic Task Thread"        [id=9556, stack(0x000000fc4fd00000,0x000000fc4fe00000) (1024K)]
  0x00000240084ace80 WorkerThread "GC Thread#0"                     [id=31324, stack(0x000000fc4f800000,0x000000fc4f900000) (1024K)]
  0x0000024073173bd0 WorkerThread "GC Thread#1"                     [id=24244, stack(0x000000fc51100000,0x000000fc51200000) (1024K)]
  0x0000024073173f80 WorkerThread "GC Thread#2"                     [id=23880, stack(0x000000fc51200000,0x000000fc51300000) (1024K)]
  0x0000024073174330 WorkerThread "GC Thread#3"                     [id=3804, stack(0x000000fc51300000,0x000000fc51400000) (1024K)]
  0x00000240731746e0 WorkerThread "GC Thread#4"                     [id=9328, stack(0x000000fc51400000,0x000000fc51500000) (1024K)]
  0x0000024073174a90 WorkerThread "GC Thread#5"                     [id=10980, stack(0x000000fc51500000,0x000000fc51600000) (1024K)]
  0x0000024073174e40 WorkerThread "GC Thread#6"                     [id=28372, stack(0x000000fc51600000,0x000000fc51700000) (1024K)]
  0x0000024073181330 WorkerThread "GC Thread#7"                     [id=22776, stack(0x000000fc51700000,0x000000fc51800000) (1024K)]
  0x0000024073181e40 WorkerThread "GC Thread#8"                     [id=31956, stack(0x000000fc51800000,0x000000fc51900000) (1024K)]
  0x00000240731821f0 WorkerThread "GC Thread#9"                     [id=31728, stack(0x000000fc51900000,0x000000fc51a00000) (1024K)]
  0x00000240731816e0 WorkerThread "GC Thread#10"                    [id=11776, stack(0x000000fc51a00000,0x000000fc51b00000) (1024K)]
  0x0000024029f03f80 ConcurrentGCThread "G1 Main Marker"            [id=32556, stack(0x000000fc4f900000,0x000000fc4fa00000) (1024K)]
  0x00000240084beba0 WorkerThread "G1 Conc#0"                       [id=24776, stack(0x000000fc4fa00000,0x000000fc4fb00000) (1024K)]
  0x000002406e205450 WorkerThread "G1 Conc#1"                       [id=26968, stack(0x000000fc4f400000,0x000000fc4f500000) (1024K)]
  0x000002406e203320 WorkerThread "G1 Conc#2"                       [id=31180, stack(0x000000fc4f600000,0x000000fc4f700000) (1024K)]
  0x0000024029fd1740 ConcurrentGCThread "G1 Refine#0"               [id=26376, stack(0x000000fc4fb00000,0x000000fc4fc00000) (1024K)]
  0x0000024029fd2f80 ConcurrentGCThread "G1 Service"                [id=9624, stack(0x000000fc4fc00000,0x000000fc4fd00000) (1024K)]
Total: 19

Threads with active compile tasks:
Total: 0

VM state: not at safepoint (normal execution)

VM Mutex/Monitor currently owned by a thread: None

Heap address: 0x0000000608800000, size: 8056 MB, Compressed Oops mode: Zero based, Oop shift amount: 3

CDS archive(s) mapped at: [0x000002402d000000-0x000002402dd70000-0x000002402dd70000), size 14090240, SharedBaseAddress: 0x000002402d000000, ArchiveRelocationMode: 1.
Compressed class space mapped at: 0x000002402e000000-0x000002406e000000, reserved size: 1073741824
Narrow klass base: 0x000002402d000000, Narrow klass shift: 0, Narrow klass range: 0x41000000

GC Precious Log:
 CardTable entry size: 512
 Card Set container configuration: InlinePtr #cards 4 size 8 Array Of Cards #cards 32 size 80 Howl #buckets 8 coarsen threshold 7372 Howl Bitmap #cards 1024 size 144 coarsen threshold 921 Card regions per heap region 1 cards per card region 8192
 CPUs: 14 total, 14 available
 Memory: 32220M
 Large Page Support: Disabled
 NUMA Support: Disabled
 Compressed Oops: Enabled (Zero based)
 Heap Region Size: 4M
 Heap Min Capacity: 8M
 Heap Initial Capacity: 504M
 Heap Max Capacity: 8056M
 Pre-touch: Disabled
 Parallel Workers: 11
 Concurrent Workers: 3
 Concurrent Refinement Workers: 11
 Periodic GC: Disabled

Heap:
 garbage-first heap   total reserved 8249344K, committed 57344K, used 15412K [0x0000000608800000, 0x0000000800000000)
  region size 4096K, 4 young (16384K), 1 survivors (4096K)
 Metaspace       used 23444K, committed 23808K, reserved 1114112K
  class space    used 2715K, committed 2880K, reserved 1048576K

Heap Regions: E=young(eden), S=young(survivor), O=old, HS=humongous(starts), HC=humongous(continues), CS=collection set, F=free, TAMS=top-at-mark-start, PB=parsable bottom
|   0|0x0000000608800000, 0x0000000608c00000, 0x0000000608c00000|100%| O|  |TAMS 0x0000000608800000| PB 0x0000000608800000| Untracked |  0
|   1|0x0000000608c00000, 0x0000000608de6938, 0x0000000609000000| 47%| O|  |TAMS 0x0000000608c00000| PB 0x0000000608c00000| Untracked |  0
|   2|0x0000000609000000, 0x0000000609400000, 0x0000000609400000|100%| O|  |TAMS 0x0000000609000000| PB 0x0000000609000000| Untracked |  0
|   3|0x0000000609400000, 0x0000000609456300, 0x0000000609800000|  8%| O|  |TAMS 0x0000000609400000| PB 0x0000000609400000| Untracked |  0
|   4|0x0000000609800000, 0x0000000609800000, 0x0000000609c00000|  0%| F|  |TAMS 0x0000000609800000| PB 0x0000000609800000| Untracked |  0
|   5|0x0000000609c00000, 0x0000000609cd0440, 0x000000060a000000| 20%| S|CS|TAMS 0x0000000609c00000| PB 0x0000000609c00000| Complete |  0
|   6|0x000000060a000000, 0x000000060a000000, 0x000000060a400000|  0%| F|  |TAMS 0x000000060a000000| PB 0x000000060a000000| Untracked |  0
|   7|0x000000060a400000, 0x000000060a400000, 0x000000060a800000|  0%| F|  |TAMS 0x000000060a400000| PB 0x000000060a400000| Untracked |  0
|   8|0x000000060a800000, 0x000000060a800000, 0x000000060ac00000|  0%| F|  |TAMS 0x000000060a800000| PB 0x000000060a800000| Untracked |  0
|   9|0x000000060ac00000, 0x000000060ac00000, 0x000000060b000000|  0%| F|  |TAMS 0x000000060ac00000| PB 0x000000060ac00000| Untracked |  0
|  10|0x000000060b000000, 0x000000060b000000, 0x000000060b400000|  0%| F|  |TAMS 0x000000060b000000| PB 0x000000060b000000| Untracked |  0
| 112|0x0000000624800000, 0x000000062482c208, 0x0000000624c00000|  4%| E|  |TAMS 0x0000000624800000| PB 0x0000000624800000| Complete |  0
| 113|0x0000000624c00000, 0x0000000625000000, 0x0000000625000000|100%| E|CS|TAMS 0x0000000624c00000| PB 0x0000000624c00000| Complete |  0
| 125|0x0000000627c00000, 0x0000000628000000, 0x0000000628000000|100%| E|  |TAMS 0x0000000627c00000| PB 0x0000000627c00000| Complete |  0

Card table byte_map: [0x0000024021160000,0x0000024022120000] _byte_map_base: 0x000002401e11c000

Marking Bits: (CMBitMap*) 0x00000240084ad3a0
 Bits: [0x0000024022120000, 0x0000024029f00000)

Polling page: 0x0000024006240000

Metaspace:

Usage:
  Non-class:     20.24 MB used.
      Class:      2.65 MB used.
       Both:     22.90 MB used.

Virtual space:
  Non-class space:       64.00 MB reserved,      20.44 MB ( 32%) committed,  1 nodes.
      Class space:        1.00 GB reserved,       2.81 MB ( <1%) committed,  1 nodes.
             Both:        1.06 GB reserved,      23.25 MB (  2%) committed. 

Chunk freelists:
   Non-Class:  10.81 MB
       Class:  13.04 MB
        Both:  23.86 MB

MaxMetaspaceSize: unlimited
CompressedClassSpaceSize: 1.00 GB
Initial GC threshold: 21.00 MB
Current GC threshold: 35.12 MB
CDS: on
 - commit_granule_bytes: 65536.
 - commit_granule_words: 8192.
 - virtual_space_node_default_size: 8388608.
 - enlarge_chunks_in_place: 1.
 - use_allocation_guard: 0.


Internal statistics:

num_allocs_failed_limit: 3.
num_arena_births: 428.
num_arena_deaths: 0.
num_vsnodes_births: 2.
num_vsnodes_deaths: 0.
num_space_committed: 372.
num_space_uncommitted: 0.
num_chunks_returned_to_freelist: 3.
num_chunks_taken_from_freelist: 1010.
num_chunk_merges: 0.
num_chunk_splits: 625.
num_chunks_enlarged: 393.
num_inconsistent_stats: 0.

CodeHeap 'non-profiled nmethods': size=120064Kb used=1288Kb max_used=1288Kb free=118775Kb
 bounds [0x00000240185f0000, 0x0000024018860000, 0x000002401fb30000]
CodeHeap 'profiled nmethods': size=120000Kb used=6414Kb max_used=6414Kb free=113585Kb
 bounds [0x0000024010b30000, 0x0000024011180000, 0x0000024018060000]
CodeHeap 'non-nmethods': size=5696Kb used=1620Kb max_used=1650Kb free=4075Kb
 bounds [0x0000024018060000, 0x00000240182d0000, 0x00000240185f0000]
CodeCache: size=245760Kb, used=9322Kb, max_used=9352Kb, free=236435Kb
 total_blobs=4849, nmethods=4164, adapters=590, full_count=0
Compilation: enabled, stopped_count=0, restarted_count=0

Compilation events (20 events):
Event: 197.232 Thread 0x000002402a0f5720 4154       3       org.openqa.selenium.json.JsonOutput$$Lambda/0x000002402e205650::test (12 bytes)
Event: 197.233 Thread 0x000002402a0f5720 nmethod 4154 0x0000024011171f08 code [0x0000024011172040, 0x0000024011172260]
Event: 197.233 Thread 0x000002402a0f5720 4155       3       org.openqa.selenium.json.JsonOutput$$Lambda/0x000002402e203ad0::test (12 bytes)
Event: 197.233 Thread 0x000002402a0f5720 nmethod 4155 0x0000024011172288 code [0x00000240111723c0, 0x0000024011172698]
Event: 197.233 Thread 0x000002402a0f5720 4156       3       org.openqa.selenium.json.JsonOutput::lambda$new$15 (17 bytes)
Event: 197.233 Thread 0x000002402a0f5720 nmethod 4156 0x0000024011172708 code [0x0000024011172840, 0x00000240111729d8]
Event: 197.233 Thread 0x000002402a0f5720 4157       3       org.openqa.selenium.json.JsonOutput$$Lambda/0x000002402e201480::test (12 bytes)
Event: 197.234 Thread 0x000002402a0f5720 nmethod 4157 0x0000024011172a08 code [0x0000024011172b40, 0x0000024011172e18]
Event: 197.234 Thread 0x000002402a0f5720 4158       3       org.openqa.selenium.json.JsonOutput::lambda$new$19 (17 bytes)
Event: 197.234 Thread 0x000002402a0f5720 nmethod 4158 0x0000024011172e88 code [0x0000024011172fc0, 0x0000024011173158]
Event: 197.234 Thread 0x000002402a0f5720 4159       3       org.openqa.selenium.json.JsonOutput$$Lambda/0x000002402e201900::test (12 bytes)
Event: 197.234 Thread 0x000002402a0f5720 nmethod 4159 0x0000024011173188 code [0x00000240111732c0, 0x00000240111734e0]
Event: 197.273 Thread 0x000002402a0f4600 4160       4       java.lang.ThreadLocal::get (35 bytes)
Event: 197.275 Thread 0x000002402a0f4600 nmethod 4160 0x0000024018731208 code [0x0000024018731320, 0x00000240187314b8]
Event: 212.300 Thread 0x000002402a0f5720 4161       3       java.util.concurrent.ThreadPoolExecutor::remove (17 bytes)
Event: 212.300 Thread 0x000002402a0f5720 nmethod 4161 0x0000024011173508 code [0x0000024011173640, 0x0000024011173870]
Event: 212.300 Thread 0x000002402a0f5720 4162       1       org.openqa.selenium.remote.ErrorCodes$KnownError::getW3cCode (5 bytes)
Event: 212.301 Thread 0x000002402a0f5720 nmethod 4162 0x0000024018731508 code [0x0000024018731620, 0x00000240187316f0]
Event: 212.301 Thread 0x000002402a0f4600 4163       4       java.lang.StringBuilder::append (6 bytes)
Event: 212.307 Thread 0x000002402a0f4600 nmethod 4163 0x0000024018731808 code [0x0000024018731940, 0x0000024018731d18]

GC Heap History (8 events):
Event: 0.794 GC heap before
{Heap before GC invocations=0 (full 0):
 garbage-first heap   total reserved 8249344K, committed 516096K, used 20480K [0x0000000608800000, 0x0000000800000000)
  region size 4096K, 6 young (24576K), 0 survivors (0K)
 Metaspace       used 7772K, committed 7936K, reserved 1114112K
  class space    used 901K, committed 960K, reserved 1048576K
}
Event: 0.802 GC heap after
{Heap after GC invocations=1 (full 0):
 garbage-first heap   total reserved 8249344K, committed 516096K, used 5821K [0x0000000608800000, 0x0000000800000000)
  region size 4096K, 1 young (4096K), 1 survivors (4096K)
 Metaspace       used 7772K, committed 7936K, reserved 1114112K
  class space    used 901K, committed 960K, reserved 1048576K
}
Event: 5.416 GC heap before
{Heap before GC invocations=1 (full 0):
 garbage-first heap   total reserved 8249344K, committed 516096K, used 22205K [0x0000000608800000, 0x0000000800000000)
  region size 4096K, 6 young (24576K), 1 survivors (4096K)
 Metaspace       used 14576K, committed 14912K, reserved 1114112K
  class space    used 1731K, committed 1856K, reserved 1048576K
}
Event: 5.420 GC heap after
{Heap after GC invocations=2 (full 0):
 garbage-first heap   total reserved 8249344K, committed 516096K, used 9450K [0x0000000608800000, 0x0000000800000000)
  region size 4096K, 1 young (4096K), 1 survivors (4096K)
 Metaspace       used 14576K, committed 14912K, reserved 1114112K
  class space    used 1731K, committed 1856K, reserved 1048576K
}
Event: 60.337 GC heap before
{Heap before GC invocations=2 (full 0):
 garbage-first heap   total reserved 8249344K, committed 516096K, used 46314K [0x0000000608800000, 0x0000000800000000)
  region size 4096K, 12 young (49152K), 1 survivors (4096K)
 Metaspace       used 21150K, committed 21504K, reserved 1114112K
  class space    used 2514K, committed 2688K, reserved 1048576K
}
Event: 60.374 GC heap after
{Heap after GC invocations=3 (full 0):
 garbage-first heap   total reserved 8249344K, committed 516096K, used 10654K [0x0000000608800000, 0x0000000800000000)
  region size 4096K, 2 young (8192K), 2 survivors (8192K)
 Metaspace       used 21150K, committed 21504K, reserved 1114112K
  class space    used 2514K, committed 2688K, reserved 1048576K
}
Event: 182.303 GC heap before
{Heap before GC invocations=4 (full 0):
 garbage-first heap   total reserved 8249344K, committed 57344K, used 31134K [0x0000000608800000, 0x0000000800000000)
  region size 4096K, 8 young (32768K), 2 survivors (8192K)
 Metaspace       used 23166K, committed 23616K, reserved 1114112K
  class space    used 2689K, committed 2880K, reserved 1048576K
}
Event: 182.311 GC heap after
{Heap after GC invocations=5 (full 0):
 garbage-first heap   total reserved 8249344K, committed 57344K, used 11316K [0x0000000608800000, 0x0000000800000000)
  region size 4096K, 1 young (4096K), 1 survivors (4096K)
 Metaspace       used 23166K, committed 23616K, reserved 1114112K
  class space    used 2689K, committed 2880K, reserved 1048576K
}

Dll operation events (9 events):
Event: 0.019 Loaded shared library C:\Program Files\Java\jdk-23\bin\java.dll
Event: 0.055 Loaded shared library C:\Program Files\Java\jdk-23\bin\jsvml.dll
Event: 0.091 Loaded shared library C:\Program Files\Java\jdk-23\bin\net.dll
Event: 0.093 Loaded shared library C:\Program Files\Java\jdk-23\bin\nio.dll
Event: 0.097 Loaded shared library C:\Program Files\Java\jdk-23\bin\zip.dll
Event: 0.274 Loaded shared library C:\Program Files\Java\jdk-23\bin\jimage.dll
Event: 0.366 Loaded shared library C:\Program Files\Java\jdk-23\bin\extnet.dll
Event: 5.468 Loaded shared library C:\Program Files\Java\jdk-23\bin\sunmscapi.dll
Event: 60.401 Loaded shared library C:\Program Files\Java\jdk-23\bin\awt.dll

Deoptimization events (20 events):
Event: 156.532 Thread 0x000002400606e600 DEOPT PACKING pc=0x000002401870fef4 sp=0x000000fc4f7fde80
Event: 156.532 Thread 0x000002400606e600 DEOPT UNPACKING pc=0x00000240180b4402 sp=0x000000fc4f7fddd0 mode 2
Event: 171.583 Thread 0x000002400606e600 Uncommon trap: trap_request=0xffffff45 fr.pc=0x00000240186f56c8 relative=0x0000000000000328
Event: 171.583 Thread 0x000002400606e600 Uncommon trap: reason=unstable_if action=reinterpret pc=0x00000240186f56c8 method=java.util.Base64$Decoder.decodeBlock([BII[BIZZ)I @ 33 c2
Event: 171.583 Thread 0x000002400606e600 DEOPT PACKING pc=0x00000240186f56c8 sp=0x000000fc4f7fdf30
Event: 171.583 Thread 0x000002400606e600 DEOPT UNPACKING pc=0x00000240180b4402 sp=0x000000fc4f7fdea8 mode 2
Event: 192.415 Thread 0x000002400606e600 Uncommon trap: trap_request=0xffffffde fr.pc=0x000002401870fef4 relative=0x0000000000000334
Event: 192.415 Thread 0x000002400606e600 Uncommon trap: reason=class_check action=maybe_recompile pc=0x000002401870fef4 method=java.util.stream.StreamOpFlag.fromCharacteristics(Ljava/util/Spliterator;)I @ 14 c2
Event: 192.415 Thread 0x000002400606e600 DEOPT PACKING pc=0x000002401870fef4 sp=0x000000fc4f7fdfb0
Event: 192.415 Thread 0x000002400606e600 DEOPT UNPACKING pc=0x00000240180b4402 sp=0x000000fc4f7fdf00 mode 2
Event: 194.657 Thread 0x000002400606e600 DEOPT PACKING pc=0x00000240110e7e29 sp=0x000000fc4f7fd130
Event: 194.657 Thread 0x000002400606e600 DEOPT UNPACKING pc=0x00000240180b4b22 sp=0x000000fc4f7fc660 mode 0
Event: 194.687 Thread 0x000002400606e600 Uncommon trap: trap_request=0xffffffcc fr.pc=0x00000240186f127c relative=0x000000000000033c
Event: 194.687 Thread 0x000002400606e600 Uncommon trap: reason=intrinsic_or_type_checked_inlining action=make_not_entrant pc=0x00000240186f127c method=java.util.Arrays.copyOf([Ljava/lang/Object;ILjava/lang/Class;)[Ljava/lang/Object; @ 35 c2
Event: 194.687 Thread 0x000002400606e600 DEOPT PACKING pc=0x00000240186f127c sp=0x000000fc4f7fe6e0
Event: 194.687 Thread 0x000002400606e600 DEOPT UNPACKING pc=0x00000240180b4402 sp=0x000000fc4f7fe670 mode 2
Event: 194.924 Thread 0x000002400606e600 DEOPT PACKING pc=0x00000240111614b5 sp=0x000000fc4f7fdd50
Event: 194.924 Thread 0x000002400606e600 DEOPT UNPACKING pc=0x00000240180b4b22 sp=0x000000fc4f7fd1c8 mode 0
Event: 195.129 Thread 0x000002400606e600 DEOPT PACKING pc=0x00000240111614b5 sp=0x000000fc4f7fdcc0
Event: 195.129 Thread 0x000002400606e600 DEOPT UNPACKING pc=0x00000240180b4b22 sp=0x000000fc4f7fd138 mode 0

Classes loaded (20 events):
Event: 213.022 Loading class java/awt/TrayIcon
Event: 213.022 Loading class java/awt/TrayIcon done
Event: 213.022 Loading class java/awt/event/InputMethodEvent
Event: 213.023 Loading class java/awt/event/InputMethodEvent done
Event: 213.023 Loading class java/awt/event/ActionEvent
Event: 213.023 Loading class java/awt/event/ActionEvent done
Event: 213.023 Loading class sun/awt/Win32GraphicsConfig
Event: 213.023 Loading class sun/awt/image/SurfaceManager$ProxiedGraphicsConfig
Event: 213.024 Loading class sun/awt/image/SurfaceManager$ProxiedGraphicsConfig done
Event: 213.024 Loading class java/awt/GraphicsConfiguration
Event: 213.024 Loading class java/awt/GraphicsConfiguration done
Event: 213.024 Loading class sun/awt/Win32GraphicsConfig done
Event: 213.025 Loading class java/awt/Rectangle
Event: 213.025 Loading class java/awt/Shape
Event: 213.026 Loading class java/awt/Shape done
Event: 213.026 Loading class java/awt/geom/Rectangle2D
Event: 213.026 Loading class java/awt/geom/RectangularShape
Event: 213.026 Loading class java/awt/geom/RectangularShape done
Event: 213.026 Loading class java/awt/geom/Rectangle2D done
Event: 213.026 Loading class java/awt/Rectangle done

Classes unloaded (0 events):
No events

Classes redefined (0 events):
No events

Internal exceptions (20 events):
Event: 5.500 Thread 0x000002400606e600 Exception <a 'java/lang/NoSuchMethodError'{0x00000006279268d0}: 'int java.lang.invoke.DirectMethodHandle$Holder.invokeSpecialIFC(java.lang.Object, java.lang.Object, java.lang.Object, java.lang.Object)'> (0x00000006279268d0) 
thrown [s\open\src\hotspot\share\interpreter\linkResolver.cpp, line 796]
Event: 5.503 Thread 0x000002400606e600 Exception <a 'java/lang/NoSuchMethodError'{0x00000006279494c0}: 'java.lang.Object java.lang.invoke.DirectMethodHandle$Holder.invokeVirtual(java.lang.Object, java.lang.Object, java.lang.Object, java.lang.Object)'> (0x00000006279494c0) 
thrown [s\open\src\hotspot\share\interpreter\linkResolver.cpp, line 796]
Event: 5.791 Thread 0x00000240736bc380 Exception <a 'java/net/ConnectException'{0x0000000627a44f98}: Connection refused: getsockopt> (0x0000000627a44f98) 
thrown [s\open\src\hotspot\share\prims\jni.cpp, line 539]
Event: 5.812 Thread 0x00000240736bc380 Exception <a 'java/net/ConnectException'{0x0000000627a460f0}: Connection refused: getsockopt> (0x0000000627a460f0) 
thrown [s\open\src\hotspot\share\prims\jni.cpp, line 539]
Event: 5.862 Thread 0x000002400606e600 Exception <a 'java/lang/NoSuchMethodError'{0x0000000627adf010}: 'java.lang.Object java.lang.invoke.DirectMethodHandle$Holder.newInvokeSpecial(java.lang.Object, java.lang.Object, int, int)'> (0x0000000627adf010) 
thrown [s\open\src\hotspot\share\interpreter\linkResolver.cpp, line 796]
Event: 5.864 Thread 0x000002400606e600 Exception <a 'java/lang/NoSuchMethodError'{0x0000000627ae9ab8}: 'void java.lang.invoke.DirectMethodHandle$Holder.invokeStatic(java.lang.Object, java.lang.Object, int)'> (0x0000000627ae9ab8) 
thrown [s\open\src\hotspot\share\interpreter\linkResolver.cpp, line 796]
Event: 5.914 Thread 0x00000240736bd0a0 Exception <a 'java/lang/NoSuchMethodError'{0x000000062744df88}: 'java.lang.Object java.lang.invoke.DirectMethodHandle$Holder.invokeSpecial(java.lang.Object, java.lang.Object, java.lang.Object, java.lang.Object, int)'> (0x000000062744df88) 
thrown [s\open\src\hotspot\share\interpreter\linkResolver.cpp, line 796]
Event: 5.914 Thread 0x00000240736bd0a0 Exception <a 'java/lang/NoSuchMethodError'{0x00000006274518f8}: 'java.lang.Object java.lang.invoke.Invokers$Holder.linkToTargetMethod(java.lang.Object, java.lang.Object, int, java.lang.Object)'> (0x00000006274518f8) 
thrown [s\open\src\hotspot\share\interpreter\linkResolver.cpp, line 796]
Event: 5.926 Thread 0x00000240736bd0a0 Exception <a 'java/lang/NoSuchMethodError'{0x00000006274980c8}: 'void java.lang.invoke.DirectMethodHandle$Holder.invokeSpecial(java.lang.Object, java.lang.Object, java.lang.Object, java.lang.Object, java.lang.Object)'> (0x00000006274980c8) 
thrown [s\open\src\hotspot\share\interpreter\linkResolver.cpp, line 796]
Event: 5.933 Thread 0x00000240736bafd0 Exception <a 'java/lang/NoSuchMethodError'{0x00000006278c6680}: 'int java.lang.invoke.DirectMethodHandle$Holder.invokeStatic(java.lang.Object, int, java.lang.Object)'> (0x00000006278c6680) 
thrown [s\open\src\hotspot\share\interpreter\linkResolver.cpp, line 796]
Event: 6.648 Thread 0x00000240736b2480 Exception <a 'java/lang/NoSuchMethodError'{0x00000006275dd970}: 'void java.lang.invoke.DirectMethodHandle$Holder.invokeSpecial(java.lang.Object, java.lang.Object, java.lang.Object, java.lang.Object, java.lang.Object, java.lang.Object, java.lang.Object)'> (0x00000006275dd970) 
thrown [s\open\src\hotspot\share\interpreter\linkResolver.cpp, line 796]
Event: 6.658 Thread 0x000002400606e600 Exception <a 'java/lang/NoSuchMethodError'{0x00000006276440d0}: 'java.lang.Object java.lang.invoke.DirectMethodHandle$Holder.invokeSpecialIFC(java.lang.Object, java.lang.Object, java.lang.Object)'> (0x00000006276440d0) 
thrown [s\open\src\hotspot\share\interpreter\linkResolver.cpp, line 796]
Event: 6.760 Thread 0x000002400606e600 Exception <a 'java/lang/NoSuchMethodError'{0x0000000627292be0}: 'java.lang.Object java.lang.invoke.DirectMethodHandle$Holder.invokeStatic(java.lang.Object, int, java.lang.Object)'> (0x0000000627292be0) 
thrown [s\open\src\hotspot\share\interpreter\linkResolver.cpp, line 796]
Event: 6.767 Thread 0x000002400606e600 Exception <a 'java/lang/ClassNotFoundException'{0x00000006272ae630}: sun/util/logging/resources/spi/loggingProvider> (0x00000006272ae630) 
thrown [s\open\src\hotspot\share\classfile\systemDictionary.cpp, line 313]
Event: 14.673 Thread 0x000002400606e600 Exception <a 'java/lang/NoSuchMethodError'{0x0000000626407180}: 'long java.lang.invoke.DelegatingMethodHandle$Holder.reinvoke_L(java.lang.Object, java.lang.Object)'> (0x0000000626407180) 
thrown [s\open\src\hotspot\share\interpreter\linkResolver.cpp, line 796]
Event: 14.674 Thread 0x000002400606e600 Exception <a 'java/lang/NoSuchMethodError'{0x0000000626410ed0}: 'void java.lang.invoke.DelegatingMethodHandle$Holder.reinvoke_L(java.lang.Object, java.lang.Object, long)'> (0x0000000626410ed0) 
thrown [s\open\src\hotspot\share\interpreter\linkResolver.cpp, line 796]
Event: 14.675 Thread 0x000002400606e600 Exception <a 'java/lang/NoSuchMethodError'{0x00000006264176f0}: 'long java.lang.invoke.Invokers$Holder.invokeExact_MT(java.lang.Object, java.lang.Object, java.lang.Object)'> (0x00000006264176f0) 
thrown [s\open\src\hotspot\share\interpreter\linkResolver.cpp, line 796]
Event: 60.447 Thread 0x000002400606e600 Exception <a 'java/lang/ClassNotFoundException'{0x0000000627c01730}: sun/awt/resources/spi/awtProvider> (0x0000000627c01730) 
thrown [s\open\src\hotspot\share\classfile\systemDictionary.cpp, line 313]
Event: 60.454 Thread 0x000002400606e600 Exception <a 'java/io/FileNotFoundException'{0x0000000627c04670}> (0x0000000627c04670) 
thrown [s\open\src\hotspot\share\prims\jni.cpp, line 520]
Event: 60.454 Thread 0x000002400606e600 Exception <a 'java/io/FileNotFoundException'{0x0000000627c05f38}> (0x0000000627c05f38) 
thrown [s\open\src\hotspot\share\prims\jni.cpp, line 520]

VM Operations (20 events):
Event: 60.231 Executing VM operation: HandshakeAllThreads (HandshakeForDeflation)
Event: 60.231 Executing VM operation: HandshakeAllThreads (HandshakeForDeflation) done
Event: 60.233 Executing VM operation: RendezvousGCThreads
Event: 60.233 Executing VM operation: RendezvousGCThreads done
Event: 60.337 Executing VM operation: CollectForMetadataAllocation (Metadata GC Threshold)
Event: 60.374 Executing VM operation: CollectForMetadataAllocation (Metadata GC Threshold) done
Event: 60.402 Executing VM operation: G1PauseRemark
Event: 60.416 Executing VM operation: G1PauseRemark done
Event: 60.421 Executing VM operation: G1PauseCleanup
Event: 60.435 Executing VM operation: G1PauseCleanup done
Event: 120.397 Executing VM operation: HandshakeAllThreads (HandshakeForDeflation)
Event: 120.397 Executing VM operation: HandshakeAllThreads (HandshakeForDeflation) done
Event: 120.397 Executing VM operation: RendezvousGCThreads
Event: 120.397 Executing VM operation: RendezvousGCThreads done
Event: 180.616 Executing VM operation: HandshakeAllThreads (HandshakeForDeflation)
Event: 180.616 Executing VM operation: HandshakeAllThreads (HandshakeForDeflation) done
Event: 180.616 Executing VM operation: RendezvousGCThreads
Event: 180.616 Executing VM operation: RendezvousGCThreads done
Event: 182.303 Executing VM operation: G1CollectForAllocation (G1 Evacuation Pause)
Event: 182.311 Executing VM operation: G1CollectForAllocation (G1 Evacuation Pause) done

Memory protections (0 events):
No events

Nmethod flushes (0 events):
No events

Events (20 events):
Event: 6.756 Thread 0x000002402a0f5720 Thread added: 0x000002406e8b5f60
Event: 8.091 Thread 0x000002406e8b5f60 Thread exited: 0x000002406e8b5f60
Event: 15.859 Thread 0x00000240736bca10 Thread exited: 0x00000240736bca10
Event: 60.619 Thread 0x000002400606e600 Thread added: 0x00000240736bca10
Event: 60.620 Thread 0x000002400606e600 Thread added: 0x0000024073541870
Event: 60.622 Thread 0x000002400606e600 Thread added: 0x0000024073542c20
Event: 61.662 Thread 0x0000024073541870 Thread exited: 0x0000024073541870
Event: 65.861 Thread 0x00000240736bc380 Thread exited: 0x00000240736bc380
Event: 65.941 Thread 0x00000240736b03b0 Thread exited: 0x00000240736b03b0
Event: 66.709 Thread 0x00000240736b0a40 Thread exited: 0x00000240736b0a40
Event: 66.725 Thread 0x00000240736afd20 Thread exited: 0x00000240736afd20
Event: 66.726 Thread 0x00000240736af690 Thread exited: 0x00000240736af690
Event: 66.726 Thread 0x00000240736b1df0 Thread exited: 0x00000240736b1df0
Event: 66.734 Thread 0x00000240730658c0 Thread exited: 0x00000240730658c0
Event: 66.758 Thread 0x00000240730685b0 Thread exited: 0x00000240730685b0
Event: 66.789 Thread 0x0000024073067f40 Thread exited: 0x0000024073067f40
Event: 66.821 Thread 0x000002406e816bc0 Thread exited: 0x000002406e816bc0
Event: 66.845 Thread 0x0000024073068c20 Thread exited: 0x0000024073068c20
Event: 213.002 Thread 0x0000024073542c20 Thread added: 0x0000024073541870
Event: 213.019 Thread 0x0000024073542c20 Thread added: 0x0000024073543940


Dynamic libraries:
0x00007ff6f1ef0000 - 0x00007ff6f1f00000 	C:\Program Files\Java\jdk-23\bin\javaw.exe
0x00007fff7ec40000 - 0x00007fff7eea8000 	C:\WINDOWS\SYSTEM32\ntdll.dll
0x00007fff7d9e0000 - 0x00007fff7daa9000 	C:\WINDOWS\System32\KERNEL32.DLL
0x00007fff7b910000 - 0x00007fff7bd01000 	C:\WINDOWS\System32\KERNELBASE.dll
0x00007fff7b520000 - 0x00007fff7b66b000 	C:\WINDOWS\System32\ucrtbase.dll
0x00007fff4fcf0000 - 0x00007fff4fd07000 	C:\Program Files\Java\jdk-23\bin\jli.dll
0x00007fff7df40000 - 0x00007fff7e106000 	C:\WINDOWS\System32\USER32.dll
0x00007fff4f770000 - 0x00007fff4f78b000 	C:\Program Files\Java\jdk-23\bin\VCRUNTIME140.dll
0x00007fff7b700000 - 0x00007fff7b727000 	C:\WINDOWS\System32\win32u.dll
0x00007fff7e610000 - 0x00007fff7e63b000 	C:\WINDOWS\System32\GDI32.dll
0x00007fff531b0000 - 0x00007fff53443000 	C:\WINDOWS\WinSxS\amd64_microsoft.windows.common-controls_6595b64144ccf1df_6.0.26100.7824_none_3e0870b2e3345462\COMCTL32.dll
0x00007fff7b7e0000 - 0x00007fff7b90b000 	C:\WINDOWS\System32\gdi32full.dll
0x00007fff7e560000 - 0x00007fff7e609000 	C:\WINDOWS\System32\msvcrt.dll
0x00007fff7b730000 - 0x00007fff7b7d3000 	C:\WINDOWS\System32\msvcp_win.dll
0x00007fff7cc80000 - 0x00007fff7ccb1000 	C:\WINDOWS\System32\IMM32.DLL
0x00007fff763f0000 - 0x00007fff763fc000 	C:\Program Files\Java\jdk-23\bin\vcruntime140_1.dll
0x00007fff19db0000 - 0x00007fff19e3e000 	C:\Program Files\Java\jdk-23\bin\msvcp140.dll
0x00007ffeb2260000 - 0x00007ffeb2faf000 	C:\Program Files\Java\jdk-23\bin\server\jvm.dll
0x00007fff7e640000 - 0x00007fff7e6f4000 	C:\WINDOWS\System32\ADVAPI32.dll
0x00007fff7d8b0000 - 0x00007fff7d956000 	C:\WINDOWS\System32\sechost.dll
0x00007fff7e340000 - 0x00007fff7e458000 	C:\WINDOWS\System32\RPCRT4.dll
0x00007fff7cb80000 - 0x00007fff7cbf4000 	C:\WINDOWS\System32\WS2_32.dll
0x00007fff7b3a0000 - 0x00007fff7b3fe000 	C:\WINDOWS\SYSTEM32\POWRPROF.dll
0x00007fff696e0000 - 0x00007fff696eb000 	C:\WINDOWS\SYSTEM32\VERSION.dll
0x00007fff74b40000 - 0x00007fff74b75000 	C:\WINDOWS\SYSTEM32\WINMM.dll
0x00007fff7b360000 - 0x00007fff7b374000 	C:\WINDOWS\SYSTEM32\UMPDC.dll
0x00007fff7a150000 - 0x00007fff7a16b000 	C:\WINDOWS\SYSTEM32\kernel.appcore.dll
0x00007fff76380000 - 0x00007fff7638a000 	C:\Program Files\Java\jdk-23\bin\jimage.dll
0x00007fff790a0000 - 0x00007fff792e2000 	C:\WINDOWS\SYSTEM32\DBGHELP.DLL
0x00007fff7e7d0000 - 0x00007fff7eb56000 	C:\WINDOWS\System32\combase.dll
0x00007fff7e110000 - 0x00007fff7e1e7000 	C:\WINDOWS\System32\OLEAUT32.dll
0x00007fff50080000 - 0x00007fff500bb000 	C:\WINDOWS\SYSTEM32\dbgcore.DLL
0x00007fff7bd10000 - 0x00007fff7bdb5000 	C:\WINDOWS\System32\bcryptPrimitives.dll
0x00007fff4f460000 - 0x00007fff4f47e000 	C:\Program Files\Java\jdk-23\bin\java.dll
0x00007fff7c9e0000 - 0x00007fff7cb77000 	C:\WINDOWS\System32\ole32.dll
0x00007fff7d150000 - 0x00007fff7d8a2000 	C:\WINDOWS\System32\SHELL32.dll
0x00007fff7bdc0000 - 0x00007fff7bf2a000 	C:\WINDOWS\System32\wintypes.dll
0x00007fff7c170000 - 0x00007fff7c9d3000 	C:\WINDOWS\System32\windows.storage.dll
0x00007fff7e460000 - 0x00007fff7e556000 	C:\WINDOWS\System32\SHCORE.dll
0x00007fff7e700000 - 0x00007fff7e767000 	C:\WINDOWS\System32\shlwapi.dll
0x00007fff7b440000 - 0x00007fff7b469000 	C:\WINDOWS\SYSTEM32\profapi.dll
0x00007ffefd2f0000 - 0x00007ffefd3c7000 	C:\Program Files\Java\jdk-23\bin\jsvml.dll
0x00007fff75f00000 - 0x00007fff75f10000 	C:\Program Files\Java\jdk-23\bin\net.dll
0x00007fff7a7d0000 - 0x00007fff7a83b000 	C:\WINDOWS\system32\mswsock.dll
0x00007fff4ed20000 - 0x00007fff4ed36000 	C:\Program Files\Java\jdk-23\bin\nio.dll
0x00007fff4caf0000 - 0x00007fff4cb07000 	C:\Program Files\Java\jdk-23\bin\zip.dll
0x00007fff79990000 - 0x00007fff79abc000 	C:\WINDOWS\SYSTEM32\DNSAPI.dll
0x00007fff79950000 - 0x00007fff79984000 	C:\WINDOWS\SYSTEM32\IPHLPAPI.DLL
0x00007fff7e1f0000 - 0x00007fff7e1fa000 	C:\WINDOWS\System32\NSI.dll
0x00007fff723d0000 - 0x00007fff723db000 	C:\Windows\System32\rasadhlp.dll
0x00007fff75890000 - 0x00007fff75916000 	C:\WINDOWS\System32\fwpuclnt.dll
0x00007fff51670000 - 0x00007fff51679000 	C:\Program Files\Java\jdk-23\bin\extnet.dll
0x00007fff7abc0000 - 0x00007fff7abdb000 	C:\WINDOWS\SYSTEM32\CRYPTSP.dll
0x00007fff7a0b0000 - 0x00007fff7a0e9000 	C:\WINDOWS\system32\rsaenh.dll
0x00007fff7a880000 - 0x00007fff7a8ab000 	C:\WINDOWS\SYSTEM32\USERENV.dll
0x00007fff7b410000 - 0x00007fff7b43a000 	C:\WINDOWS\SYSTEM32\bcrypt.dll
0x00007fff7aba0000 - 0x00007fff7abac000 	C:\WINDOWS\SYSTEM32\CRYPTBASE.dll
0x00007fff50660000 - 0x00007fff5066e000 	C:\Program Files\Java\jdk-23\bin\sunmscapi.dll
0x00007fff7bf30000 - 0x00007fff7c0a7000 	C:\WINDOWS\System32\CRYPT32.dll
0x00007fff7ad20000 - 0x00007fff7ad50000 	C:\WINDOWS\SYSTEM32\ncrypt.dll
0x00007fff7acd0000 - 0x00007fff7ad0f000 	C:\WINDOWS\SYSTEM32\NTASN1.dll
0x00007fff3bb00000 - 0x00007fff3bb08000 	C:\WINDOWS\system32\wshunix.dll
0x00007ffeec140000 - 0x00007ffeec2ce000 	C:\Program Files\Java\jdk-23\bin\awt.dll
0x00007fff78350000 - 0x00007fff783ee000 	C:\WINDOWS\SYSTEM32\apphelp.dll
0x00007fff789a0000 - 0x00007fff789d1000 	C:\WINDOWS\system32\DWMAPI.DLL
0x00007fff78700000 - 0x00007fff787ab000 	C:\WINDOWS\system32\uxtheme.dll
0x00007ffefc5e0000 - 0x00007ffefc6f0000 	C:\WINDOWS\system32\opengl32.dll
0x00007fff4b140000 - 0x00007fff4b16d000 	C:\WINDOWS\SYSTEM32\GLU32.dll
0x00007fff78a30000 - 0x00007fff78a74000 	C:\WINDOWS\SYSTEM32\dxcore.dll
0x00007fff7cce0000 - 0x00007fff7ce3f000 	C:\WINDOWS\System32\MSCTF.dll

dbghelp: loaded successfully - version: 4.0.5 - missing functions: none
symbol engine: initialized successfully - sym options: 0x614 - pdb path: .;C:\Program Files\Java\jdk-23\bin;C:\WINDOWS\SYSTEM32;C:\WINDOWS\WinSxS\amd64_microsoft.windows.common-controls_6595b64144ccf1df_6.0.26100.7824_none_3e0870b2e3345462;C:\Program Files\Java\jdk-23\bin\server

VM Arguments:
jvm_args: -ea -Dfile.encoding=UTF-8 -Dstdout.encoding=UTF-8 -Dstderr.encoding=UTF-8 -XX:+ShowCodeDetailsInExceptionMessages 
java_command: org.testng.remote.RemoteTestNG -serport 50127 -protocol json -d C:\Users\PankajGhosh\eclipse-workspace\MESH\test-output C:\Users\PANKAJ~1\AppData\Local\Temp\testng-eclipse--559942945\testng-customsuite.xml
java_class_path (initial): C:\Users\PankajGhosh\OneDrive - Index Analytics\Documents\eclipse\configuration\org.eclipse.osgi\1014\0\.cp\lib\testng-remote.jar;C:\Users\PankajGhosh\eclipse-workspace\MESH\target\test-classes;C:\Users\PankajGhosh\eclipse-workspace\MESH\target\classes;C:\Users\PankajGhosh\.m2\repository\org\seleniumhq\selenium\selenium-java\4.27.0\selenium-java-4.27.0.jar;C:\Users\PankajGhosh\.m2\repository\org\seleniumhq\selenium\selenium-api\4.27.0\selenium-api-4.27.0.jar;C:\Users\PankajGhosh\.m2\repository\org\jspecify\jspecify\1.0.0\jspecify-1.0.0.jar;C:\Users\PankajGhosh\.m2\repository\org\seleniumhq\selenium\selenium-chrome-driver\4.27.0\selenium-chrome-driver-4.27.0.jar;C:\Users\PankajGhosh\.m2\repository\com\google\auto\service\auto-service-annotations\1.1.1\auto-service-annotations-1.1.1.jar;C:\Users\PankajGhosh\.m2\repository\org\seleniumhq\selenium\selenium-chromium-driver\4.27.0\selenium-chromium-driver-4.27.0.jar;C:\Users\PankajGhosh\.m2\repository\org\seleniumhq\selenium\selenium-json\4.27.0\selenium-json-4.27.0.jar;C:\Users\PankajGhosh\.m2\repository\org\seleniumhq\selenium\selenium-manager\4.27.0\selenium-manager-4.27.0.jar;C:\Users\PankajGhosh\.m2\repository\org\seleniumhq\selenium\selenium-devtools-v129\4.27.0\selenium-devtools-v129-4.27.0.jar;C:\Users\PankajGhosh\.m2\repository\org\seleniumhq\selenium\selenium-devtools-v130\4.27.0\selenium-devtools-v130-4.27.0.jar;C:\Users\PankajGhosh\.m2\repository\org\seleniumhq\selenium\selenium-devtools-v131\4.27.0\selenium-devtools-v131-4.27.0.jar;C:\Users\PankajGhosh\.m2\repository\org\seleniumhq\selenium\selenium-devtools-v85\4.27.0\selenium-devtools-v85-4.27.0.jar;C:\Users\PankajGhosh\.m2\repository\org\seleniumhq\selenium\selenium-edge-driver\4.27.0\selenium-edge-driver-4.27.0.jar;C:\Users\PankajGhosh\.m2\repository\org\seleniumhq\selenium\selenium-firefox-driver\4.27.0\selenium-firefox-driver-4.27.0.jar;C:\Users\PankajGhosh\.m2\repository\org\seleniumhq\selenium\selenium-http\4.27.0\selenium-http-4.27.0.jar;C:\Users\PankajGhosh\.m2\repository\dev\failsafe\failsafe\3.3.2\failsafe-3.3.2.jar;C:\Users\PankajGhosh\.m2\repository\org\seleniumhq\selenium\selenium-ie-driver\4.27.0\selenium-ie-driver-4.27.0.jar;C:\Users\PankajGhosh\.m2\repository\org\seleniumhq\selenium\selenium-remote-driver\4.27.0\selenium-remote-driver-4.27.0.jar;C:\Users\PankajGhosh\.m2\repository\com\google\guava\guava\33.3.1-jre\guava-33.3.1-jre.jar;C:\Users\PankajGhosh\.m2\repository\com\google\guava\failureaccess\1.0.2\failureaccess-1.0.2.jar;C:\Users\PankajGhosh\.m2\repository\com\google\guava\listenablefuture\9999.0-empty-to-avoid-conflict-with-guava\listenablefuture-9999.0-empty-to-avoid-conflict-with-guava.jar;C:\Users\PankajGhosh\.m2\repository\com\google\code\findbugs\jsr305\3.0.2\jsr305-3.0.2.jar;C:\Users\PankajGhosh\.m2\repository\org\checkerframework\checker-qual\3.43.0\checker-qual-3.43.0.jar;C:\Users\PankajGhosh\.m2\repository\com\google\errorprone\error_prone_annotations\2.28.0\error_prone_annotations-2.28.0.jar;C:\Users\PankajGhosh\.m2\repository\com\google\j2objc\j2objc-annotations\3.0.0\j2objc-annotations-3.0.0.jar;C:\Users\PankajGhosh\.m2\repository\io\opentelemetry\semconv\opentelemetry-semconv\1.25.0-alpha\opentelemetry-semconv-1.25.0-alpha.jar;C:\Users\PankajGhosh\.m2\repository\io\opentelemetry\opentelemetry-api\1.44.1\opentelemetry-api-1.44.1.jar;C:\Users\PankajGhosh\.m2\repository\io\opentelemetry\opentelemetry-context\1.44.1\opentelemetry-context-1.44.1.jar;C:\Users\PankajGhosh\.m2\repository\io\opentelemetry\opentelemetry-exporter-logging\1.44.1\opentelemetry-exporter-logging-1.44.1.jar;C:\Users\PankajGhosh\.m2\repository\io\opentelemetry\opentelemetry-sdk-common\1.44.1\opentelemetry-sdk-common-1.44.1.jar;C:\Users\PankajGhosh\.m2\repository\io\opentelemetry\opentelemetry-sdk-extension-autoconfigure-spi\1.44.1\opentelemetry-sdk-extension-autoconfigure-spi-1.44.1.jar;C:\Users\PankajGhosh\.m2\repository\io\opentelemetry\opentelemetry-sdk-extension-autoconfigure\1.44.1\opentelemetry-sdk-extension-autoconfigure-1.44.1.jar;C:\Users\PankajGhosh\.m2\repository\io\opentelemetry\opentelemetry-api-incubator\1.44.1-alpha\opentelemetry-api-incubator-1.44.1-alpha.jar;C:\Users\PankajGhosh\.m2\repository\io\opentelemetry\opentelemetry-sdk-trace\1.44.1\opentelemetry-sdk-trace-1.44.1.jar;C:\Users\PankajGhosh\.m2\repository\io\opentelemetry\opentelemetry-sdk\1.44.1\opentelemetry-sdk-1.44.1.jar;C:\Users\PankajGhosh\.m2\repository\io\opentelemetry\opentelemetry-sdk-metrics\1.44.1\opentelemetry-sdk-metrics-1.44.1.jar;C:\Users\PankajGhosh\.m2\repository\io\opentelemetry\opentelemetry-sdk-logs\1.44.1\opentelemetry-sdk-logs-1.44.1.jar;C:\Users\PankajGhosh\.m2\repository\net\bytebuddy\byte-buddy\1.15.10\byte-buddy-1.15.10.jar;C:\Users\PankajGhosh\.m2\repository\org\seleniumhq\selenium\selenium-os\4.27.0\selenium-os-4.27.0.jar;C:\Users\PankajGhosh\.m2\repository\org\apache\commons\commons-exec\1.4.0\commons-exec-1.4.0.jar;C:\Users\PankajGhosh\.m2\repository\org\seleniumhq\selenium\selenium-safari-driver\4.27.0\selenium-safari-driver-4.27.0.jar;C:\Users\PankajGhosh\.m2\repository\org\seleniumhq\selenium\selenium-support\4.27.0\selenium-support-4.27.0.jar;C:\Users\PankajGhosh\.m2\repository\org\testng\testng\7.4.0\testng-7.4.0.jar;C:\Users\PankajGhosh\.m2\repository\com\beust\jcommander\1.78\jcommander-1.78.jar;C:\Users\PankajGhosh\.m2\repository\org\webjars\jquery\3.5.1\jquery-3.5.1.jar;C:\Users\PankajGhosh\.m2\repository\com\aventstack\extentreports\5.1.2\extentreports-5.1.2.jar;C:\Users\PankajGhosh\.m2\repository\io\reactivex\rxjava3\rxjava\3.1.6\rxjava-3.1.6.jar;C:\Users\PankajGhosh\.m2\repository\org\reactivestreams\reactive-streams\1.0.4\reactive-streams-1.0.4.jar;C:\Users\PankajGhosh\.m2\repository\org\freemarker\freemarker\2.3.32\freemarker-2.3.32.jar;C:\Users\PankajGhosh\.m2\repository\org\projectlombok\lombok\1.18.26\lombok-1.18.26.jar;C:\Users\PankajGhosh\.m2\repository\com\google\code\gson\gson\2.10.1\gson-2.10.1.jar;C:\Users\PankajGhosh\.m2\repository\io\github\cdimascio\java-dotenv\5.2.2\java-dotenv-5.2.2.jar;C:\Users\PankajGhosh\.m2\repository\org\jetbrains\kotlin\kotlin-stdlib\1.4.0\kotlin-stdlib-1.4.0.jar;C:\Users\PankajGhosh\.m2\repository\org\jetbrains\kotlin\kotlin-stdlib-common\1.4.0\kotlin-stdlib-common-1.4.0.jar;C:\Users\PankajGhosh\.m2\repository\org\jetbrains\annotations\13.0\annotations-13.0.jar
Launcher Type: SUN_STANDARD

[Global flags]
     intx CICompilerCount                          = 4                                         {product} {ergonomic}
     uint ConcGCThreads                            = 3                                         {product} {ergonomic}
     uint G1ConcRefinementThreads                  = 11                                        {product} {ergonomic}
   size_t G1HeapRegionSize                         = 4194304                                   {product} {ergonomic}
   size_t InitialHeapSize                          = 528482304                                 {product} {ergonomic}
   size_t MarkStackSize                            = 4194304                                   {product} {ergonomic}
   size_t MarkStackSizeMax                         = 536870912                                 {product} {ergonomic}
   size_t MaxHeapSize                              = 8447328256                                {product} {ergonomic}
   size_t MaxNewSize                               = 5066719232                                {product} {ergonomic}
   size_t MinHeapDeltaBytes                        = 4194304                                   {product} {ergonomic}
   size_t MinHeapSize                              = 8388608                                   {product} {ergonomic}
    uintx NonNMethodCodeHeapSize                   = 5832704                                {pd product} {ergonomic}
    uintx NonProfiledCodeHeapSize                  = 122945536                              {pd product} {ergonomic}
    uintx ProfiledCodeHeapSize                     = 122880000                              {pd product} {ergonomic}
    uintx ReservedCodeCacheSize                    = 251658240                              {pd product} {ergonomic}
     bool SegmentedCodeCache                       = true                                      {product} {ergonomic}
     bool ShowCodeDetailsInExceptionMessages       = true                                   {manageable} {command line}
   size_t SoftMaxHeapSize                          = 8447328256                             {manageable} {ergonomic}
     bool UseCompressedOops                        = true                           {product lp64_product} {ergonomic}
     bool UseG1GC                                  = true                                      {product} {ergonomic}
     bool UseLargePagesIndividualAllocation        = false                                  {pd product} {ergonomic}

Logging:
Log output configuration:
 #0: stdout all=warning uptime,level,tags foldmultilines=false
 #1: stderr all=off uptime,level,tags foldmultilines=false

Environment Variables:
PATH=C:/Users/PankajGhosh/OneDrive - Index Analytics/Documents/eclipse//plugins/org.eclipse.justj.openjdk.hotspot.jre.full.win32.x86_64_21.0.5.v20241023-1957/jre/bin/server;C:/Users/PankajGhosh/OneDrive - Index Analytics/Documents/eclipse//plugins/org.eclipse.justj.openjdk.hotspot.jre.full.win32.x86_64_21.0.5.v20241023-1957/jre/bin;C:\Program Files\Common Files\Oracle\Java\javapath;C:\Program Files (x86)\Common Files\Oracle\Java\java8path;C:\Program Files (x86)\Common Files\Oracle\Java\javapath;C:\WINDOWS\system32;C:\WINDOWS;C:\WINDOWS\System32\Wbem;C:\WINDOWS\System32\WindowsPowerShell\v1.0\;C:\WINDOWS\System32\OpenSSH\;C:\Program Files (x86)\Automox\;C:\Program Files (x86)\apache-maven-3.9.9\bin\bin;C:\Program Files (x86)\apache-maven-3.9.9\bin;C:\Program Files\Java\jdk-23\bin;C:\Users\PankajGhosh\AppData\Local\Microsoft\WindowsApps;C:\Users\PankajGhosh\AppData\Local\Programs\Git\cmd;C:\Users\PankajGhosh\AppData\Local\Programs\Microsoft VS Code\bin;C:\Users\PankajGhosh\OneDrive - Index Analytics\Documents\eclipse;
USERNAME=PankajGhosh
OS=Windows_NT
PROCESSOR_IDENTIFIER=Intel64 Family 6 Model 170 Stepping 4, GenuineIntel
TMP=C:\Users\PANKAJ~1\AppData\Local\Temp
TEMP=C:\Users\PANKAJ~1\AppData\Local\Temp




Periodic native trim disabled

---------------  S Y S T E M  ---------------

OS:
 Windows 11 , 64 bit Build 26100 (10.0.26100.7705)
OS uptime: 0 days 7:05 hours
Hyper-V role detected

CPU: total 14 (initial active 14) (7 cores per cpu, 2 threads per core) family 6 model 170 stepping 4 microcode 0x28, cx8, cmov, fxsr, ht, mmx, 3dnowpref, sse, sse2, sse3, ssse3, sse4.1, sse4.2, popcnt, lzcnt, tsc, tscinvbit, avx, avx2, aes, erms, clmul, bmi1, bmi2, adx, sha, fma, vzeroupper, clflush, clflushopt, clwb, hv, serialize, rdtscp, rdpid, fsrm, gfni, f16c, cet_ibt, cet_ss
Processor Information for processor 0
  Max Mhz: 1700, Current Mhz: 1700, Mhz Limit: 1700
Processor Information for processor 1
  Max Mhz: 1700, Current Mhz: 1700, Mhz Limit: 1700
Processor Information for processor 2
  Max Mhz: 1200, Current Mhz: 1200, Mhz Limit: 1200
Processor Information for processor 3
  Max Mhz: 1200, Current Mhz: 1200, Mhz Limit: 1200
Processor Information for processor 4
  Max Mhz: 1200, Current Mhz: 1200, Mhz Limit: 1200
Processor Information for processor 5
  Max Mhz: 1200, Current Mhz: 1200, Mhz Limit: 1200
Processor Information for processor 6
  Max Mhz: 1200, Current Mhz: 1200, Mhz Limit: 1200
Processor Information for processor 7
  Max Mhz: 1200, Current Mhz: 1200, Mhz Limit: 1200
Processor Information for processor 8
  Max Mhz: 1200, Current Mhz: 1200, Mhz Limit: 1200
Processor Information for processor 9
  Max Mhz: 1200, Current Mhz: 1200, Mhz Limit: 1200
Processor Information for processor 10
  Max Mhz: 1700, Current Mhz: 1700, Mhz Limit: 1700
Processor Information for processor 11
  Max Mhz: 1700, Current Mhz: 1700, Mhz Limit: 1700
Processor Information for processor 12
  Max Mhz: 700, Current Mhz: 700, Mhz Limit: 700
Processor Information for processor 13
  Max Mhz: 700, Current Mhz: 700, Mhz Limit: 700

Memory: 4k page, system-wide physical 32220M (17581M free)
TotalPageFile size 34268M (AvailPageFile size 17563M)
current process WorkingSet (physical memory assigned to process): 134M, peak: 147M
current process commit charge ("private bytes"): 194M, peak: 658M

vm_info: Java HotSpot(TM) 64-Bit Server VM (23.0.1+11-39) for windows-amd64 JRE (23.0.1+11-39), built on 2024-09-30T07:20:43Z with MS VC++ 17.6 (VS2022)

END.
